\BOOKMARK [1][-]{section.1}{\376\377\000I\000n\000t\000r\000o\000d\000u\000c\000c\000i\000\363\000n\000\040\000y\000\040\000O\000b\000j\000e\000t\000i\000v\000o\000s}{}% 1
\BOOKMARK [2][-]{subsection.1.1}{\376\377\000I\000n\000t\000r\000o\000d\000u\000c\000c\000i\000\363\000n}{section.1}% 2
\BOOKMARK [2][-]{subsection.1.2}{\376\377\000O\000b\000j\000e\000t\000i\000v\000o\000\040\000G\000e\000n\000e\000r\000a\000l}{section.1}% 3
\BOOKMARK [2][-]{subsection.1.3}{\376\377\000O\000b\000j\000e\000t\000i\000v\000o\000s\000\040\000E\000s\000p\000e\000c\000\355\000f\000i\000c\000o\000s}{section.1}% 4
\BOOKMARK [1][-]{section.2}{\376\377\000M\000a\000r\000c\000o\000\040\000T\000e\000\363\000r\000i\000c\000o}{}% 5
\BOOKMARK [2][-]{subsection.2.1}{\376\377\000P\000l\000a\000n\000i\000f\000i\000c\000a\000c\000i\000\363\000n\000\040\000d\000e\000\040\000C\000P\000U}{section.2}% 6
\BOOKMARK [3][-]{subsubsection.2.1.1}{\376\377\000A\000l\000g\000o\000r\000i\000t\000m\000o\000s}{subsection.2.1}% 7
\BOOKMARK [2][-]{subsection.2.2}{\376\377\000G\000e\000s\000t\000i\000\363\000n\000\040\000d\000e\000\040\000M\000e\000m\000o\000r\000i\000a\000\040\000P\000r\000i\000n\000c\000i\000p\000a\000l}{section.2}% 8
\BOOKMARK [3][-]{subsubsection.2.2.1}{\376\377\000A\000l\000g\000o\000r\000i\000t\000m\000o\000s}{subsection.2.2}% 9
\BOOKMARK [2][-]{subsection.2.3}{\376\377\000G\000e\000s\000t\000i\000\363\000n\000\040\000d\000e\000\040\000A\000l\000m\000a\000c\000e\000n\000a\000m\000i\000e\000n\000t\000o\000\040\000S\000e\000c\000u\000n\000d\000a\000r\000i\000o\000\040\000\050\000D\000i\000s\000c\000o\000\051}{section.2}% 10
\BOOKMARK [3][-]{subsubsection.2.3.1}{\376\377\000A\000l\000g\000o\000r\000i\000t\000m\000o\000s}{subsection.2.3}% 11
\BOOKMARK [1][-]{section.3}{\376\377\000M\000e\000t\000o\000d\000o\000l\000o\000g\000\355\000a}{}% 12
\BOOKMARK [2][-]{subsection.3.1}{\376\377\000D\000e\000s\000a\000r\000r\000o\000l\000l\000o\000\040\000I\000t\000e\000r\000a\000t\000i\000v\000o\000\040\000y\000\040\000M\000o\000d\000u\000l\000a\000r}{section.3}% 13
\BOOKMARK [2][-]{subsection.3.2}{\376\377\000I\000m\000p\000l\000e\000m\000e\000n\000t\000a\000c\000i\000\363\000n\000\040\000d\000e\000\040\000E\000s\000t\000r\000u\000c\000t\000u\000r\000a\000s\000\040\000A\000b\000s\000t\000r\000a\000c\000t\000a\000s}{section.3}% 14
\BOOKMARK [2][-]{subsection.3.3}{\376\377\000E\000v\000a\000l\000u\000a\000c\000i\000\363\000n\000\040\000E\000m\000p\000\355\000r\000i\000c\000a\000\040\000p\000o\000r\000\040\000L\000o\000t\000e\000s}{section.3}% 15
\BOOKMARK [1][-]{section.4}{\376\377\000M\000\351\000t\000r\000i\000c\000a\000s\000\040\000d\000e\000\040\000E\000v\000a\000l\000u\000a\000c\000i\000\363\000n}{}% 16
\BOOKMARK [2][-]{subsection.4.1}{\376\377\000M\000\351\000t\000r\000i\000c\000a\000s\000\040\000d\000e\000\040\000C\000P\000U}{section.4}% 17
\BOOKMARK [2][-]{subsection.4.2}{\376\377\000M\000\351\000t\000r\000i\000c\000a\000s\000\040\000d\000e\000\040\000M\000e\000m\000o\000r\000i\000a}{section.4}% 18
\BOOKMARK [2][-]{subsection.4.3}{\376\377\000M\000\351\000t\000r\000i\000c\000a\000s\000\040\000d\000e\000\040\000D\000i\000s\000c\000o}{section.4}% 19
\BOOKMARK [1][-]{section.5}{\376\377\000A\000r\000q\000u\000i\000t\000e\000c\000t\000u\000r\000a\000\040\000y\000\040\000D\000i\000s\000e\000\361\000o\000\040\000d\000e\000l\000\040\000S\000i\000m\000u\000l\000a\000d\000o\000r}{}% 20
\BOOKMARK [2][-]{subsection.5.1}{\376\377\000T\000e\000c\000n\000o\000l\000o\000g\000\355\000a\000s\000\040\000y\000\040\000E\000s\000t\000r\000u\000c\000t\000u\000r\000a\000\040\000d\000e\000l\000\040\000C\000\363\000d\000i\000g\000o}{section.5}% 21
\BOOKMARK [2][-]{subsection.5.2}{\376\377\000F\000l\000u\000j\000o\000\040\000d\000e\000\040\000E\000j\000e\000c\000u\000c\000i\000\363\000n\000\040\000d\000e\000l\000\040\000S\000i\000s\000t\000e\000m\000a}{section.5}% 22
\BOOKMARK [2][-]{subsection.5.3}{\376\377\000I\000n\000t\000e\000r\000f\000a\000z\000\040\000G\000r\000\341\000f\000i\000c\000a}{section.5}% 23
\BOOKMARK [2][-]{subsection.5.4}{\376\377\000I\000m\000p\000l\000e\000m\000e\000n\000t\000a\000c\000i\000\363\000n\000\040\000A\000l\000g\000o\000r\000\355\000t\000m\000i\000c\000a}{section.5}% 24
\BOOKMARK [3][-]{subsubsection.5.4.1}{\376\377\000A\000l\000g\000o\000r\000i\000t\000m\000o\000s\000\040\000d\000e\000\040\000C\000P\000U}{subsection.5.4}% 25
\BOOKMARK [3][-]{subsubsection.5.4.2}{\376\377\000A\000l\000g\000o\000r\000i\000t\000m\000o\000s\000\040\000d\000e\000\040\000M\000e\000m\000o\000r\000i\000a\000\040\000P\000r\000i\000n\000c\000i\000p\000a\000l}{subsection.5.4}% 26
\BOOKMARK [3][-]{subsubsection.5.4.3}{\376\377\000A\000l\000g\000o\000r\000i\000t\000m\000o\000s\000\040\000d\000e\000\040\000A\000l\000m\000a\000c\000e\000n\000a\000m\000i\000e\000n\000t\000o\000\040\000S\000e\000c\000u\000n\000d\000a\000r\000i\000o\000\040\000\050\000D\000i\000s\000c\000o\000\051}{subsection.5.4}% 27
\BOOKMARK [1][-]{section.6}{\376\377\000M\000a\000n\000u\000a\000l\000\040\000d\000e\000\040\000P\000r\000u\000e\000b\000a\000s\000\040\000y\000\040\000R\000e\000s\000u\000l\000t\000a\000d\000o\000s\000\040\000E\000x\000p\000e\000r\000i\000m\000e\000n\000t\000a\000l\000e\000s}{}% 28
\BOOKMARK [2][-]{subsection.6.1}{\376\377\000R\000e\000s\000u\000l\000t\000a\000d\000o\000s\000\040\000C\000P\000U}{section.6}% 29
\BOOKMARK [3][-]{subsubsection.6.1.1}{\376\377\000A\000l\000g\000o\000r\000i\000t\000m\000o\000\040\000F\000C\000F\000S}{subsection.6.1}% 30
\BOOKMARK [3][-]{subsubsection.6.1.2}{\376\377\000A\000l\000g\000o\000r\000i\000t\000m\000o\000\040\000S\000J\000F}{subsection.6.1}% 31
\BOOKMARK [3][-]{subsubsection.6.1.3}{\376\377\000A\000l\000g\000o\000r\000i\000t\000m\000o\000\040\000S\000R\000T}{subsection.6.1}% 32
\BOOKMARK [3][-]{subsubsection.6.1.4}{\376\377\000A\000l\000g\000o\000r\000i\000t\000m\000o\000\040\000R\000o\000u\000n\000d\000\040\000R\000o\000b\000i\000n\000\040\000\050\000Q\000u\000a\000n\000t\000u\000m\000\040\000=\000\040\0002\000\051}{subsection.6.1}% 33
\BOOKMARK [2][-]{subsection.6.2}{\376\377\000R\000e\000s\000u\000l\000t\000a\000d\000o\000s\000\040\000M\000e\000m\000o\000r\000i\000a}{section.6}% 34
\BOOKMARK [2][-]{subsection.6.3}{\376\377\000R\000e\000s\000u\000l\000t\000a\000d\000o\000s\000\040\000d\000e\000\040\000A\000l\000m\000a\000c\000e\000n\000a\000m\000i\000e\000n\000t\000o\000\040\000S\000e\000c\000u\000n\000d\000a\000r\000i\000o\000\040\000\050\000D\000i\000s\000c\000o\000\051}{section.6}% 35
\BOOKMARK [3][-]{subsubsection.6.3.1}{\376\377\000A\000s\000i\000g\000n\000a\000c\000i\000\363\000n\000\040\000C\000o\000n\000t\000i\000g\000u\000a}{subsection.6.3}% 36
\BOOKMARK [3][-]{subsubsection.6.3.2}{\376\377\000A\000s\000i\000g\000n\000a\000c\000i\000\363\000n\000\040\000E\000n\000l\000a\000z\000a\000d\000a}{subsection.6.3}% 37
\BOOKMARK [3][-]{subsubsection.6.3.3}{\376\377\000A\000s\000i\000g\000n\000a\000c\000i\000\363\000n\000\040\000I\000n\000d\000e\000x\000a\000d\000a}{subsection.6.3}% 38
\BOOKMARK [3][-]{subsubsection.6.3.4}{\376\377\000T\000a\000b\000l\000a\000\040\000d\000e\000\040\000A\000s\000i\000g\000n\000a\000c\000i\000\363\000n\000\040\000d\000e\000\040\000A\000r\000c\000h\000i\000v\000o\000s\000\040\000\050\000F\000A\000T\000\051}{subsection.6.3}% 39
\BOOKMARK [3][-]{subsubsection.6.3.5}{\376\377\000I\000n\000d\000e\000x\000a\000d\000a\000\040\000M\000u\000l\000t\000i\000n\000i\000v\000e\000l\000\040\000\050\000E\000s\000t\000i\000l\000o\000\040\000U\000N\000I\000X\000\051}{subsection.6.3}% 40
\BOOKMARK [3][-]{subsubsection.6.3.6}{\376\377\000A\000s\000i\000g\000n\000a\000c\000i\000\363\000n\000\040\000p\000o\000r\000\040\000E\000x\000t\000e\000n\000s\000i\000o\000n\000e\000s\000\040\000\050\000E\000x\000t\000e\000n\000t\000s\000\051}{subsection.6.3}% 41
\BOOKMARK [3][-]{subsubsection.6.3.7}{\376\377\000G\000e\000s\000t\000i\000\363\000n\000\040\000p\000o\000r\000\040\000M\000a\000p\000a\000\040\000d\000e\000\040\000B\000i\000t\000s\000\040\000\050\000B\000i\000t\000m\000a\000p\000\051}{subsection.6.3}% 42
\BOOKMARK [1][-]{section.7}{\376\377\000A\000n\000\341\000l\000i\000s\000i\000s\000\040\000d\000e\000\040\000R\000e\000n\000d\000i\000m\000i\000e\000n\000t\000o\000\040\000C\000o\000m\000p\000a\000r\000a\000t\000i\000v\000o}{}% 43
\BOOKMARK [2][-]{subsection.7.1}{\376\377\000P\000r\000o\000c\000e\000s\000a\000d\000o\000r\000\040\000\050\000C\000P\000U\000\051}{section.7}% 44
\BOOKMARK [2][-]{subsection.7.2}{\376\377\000M\000e\000m\000o\000r\000i\000a\000\040\000P\000r\000i\000n\000c\000i\000p\000a\000l}{section.7}% 45
\BOOKMARK [2][-]{subsection.7.3}{\376\377\000A\000l\000m\000a\000c\000e\000n\000a\000m\000i\000e\000n\000t\000o\000\040\000S\000e\000c\000u\000n\000d\000a\000r\000i\000o\000\040\000\050\000D\000i\000s\000c\000o\000\051}{section.7}% 46
\BOOKMARK [2][-]{subsection.7.4}{\376\377\000S\000i\000n\000e\000r\000g\000i\000a\000\040\000d\000e\000l\000\040\000S\000i\000s\000t\000e\000m\000a\000\040\000I\000n\000t\000e\000g\000r\000a\000l}{section.7}% 47
\BOOKMARK [1][-]{section.8}{\376\377\000C\000o\000n\000c\000l\000u\000s\000i\000o\000n\000e\000s}{}% 48
\BOOKMARK [1][-]{section*.49}{\376\377\000R\000e\000f\000e\000r\000e\000n\000c\000i\000a\000s}{}% 49
\BOOKMARK [1][-]{section*.50}{\376\377\000A\000n\000e\000x\000o\000s}{}% 50
